// Jest Snapshot v1, https://goo.gl/fbAQLP

exports[`matches snapshot 1`] = `
<DocumentFragment>
  <div
    class="col-10 offset-1 col-lg-8 offset-lg-2 col-xxl-6 offset-xxl-3 col-xxxl-4 offset-xxxl-4"
  >
    <div
      class="text-center shadow-1-strong rounded mb-2 logo-bg"
    >
      <div
        class="p-4 w-100 mask-bg"
      >
        <h5
          class="mb-3"
        >
          Welcome back to 
        </h5>
        <h1
          class="display-4 brand"
        >
          Trivia Guru
        </h1>
        <hr
          class="mb-2"
        />
        <p
          class="lead fw-bold"
        >
          Test your knowledge and learn more everyday!
        </p>
      </div>
    </div>
    <div
      class="row mb-5"
    >
      <div
        class="col-12"
      >
        <h3
          class="mb-3 mt-3"
        >
          <i
            class="fa-solid fa-id-badge me-2"
          />
          Recent Activities
        </h3>
      </div>
      <div
        class="col-8"
      >
        <p>
          Hi testuser! You are currently a 
          <b>
            Level 14 Pro
          </b>
          .
          <br />
        </p>
        <p>
          You are 60 points away from the next level.
        </p>
        <div
          class="progress"
        >
          <div
            aria-valuemax="300"
            aria-valuemin="0"
            aria-valuenow="60"
            class="progress-bar bg-warning"
            role="progressbar"
            style="width: 80%;"
          />
        </div>
      </div>
      <div
        class="col-4"
      >
        <div
          class="mt-2 float-end"
        />
      </div>
    </div>
  </div>
</DocumentFragment>
`;

exports[`matches snapshot when logged out 1`] = `
<DocumentFragment>
  <div
    class="col-10 offset-1 col-lg-8 offset-lg-2 col-xxl-6 offset-xxl-3 col-xxxl-4 offset-xxxl-4"
  >
    <div
      class="text-center shadow-1-strong rounded mb-2 logo-bg"
    >
      <div
        class="p-4 w-100 mask-bg"
      >
        <h5
          class="mb-3"
        >
          Welcome to 
        </h5>
        <h1
          class="display-4 brand"
        >
          Trivia Guru
        </h1>
        <hr
          class="mb-2"
        />
        <p
          class="lead fw-bold"
        >
          Test your knowledge and learn more everyday!
        </p>
      </div>
    </div>
    <div
      class="row mb-5"
    >
      <div
        class="col-12 text-center"
      >
        <button
          class="btn btn-outline-dark me-4"
          method="get"
        >
          Login
        </button>
        <button
          class="btn btn-outline-dark me-4"
          method="get"
        >
          Sign Up
        </button>
      </div>
    </div>
    <div
      class="row mb-5"
    >
      <p>
        This website is designed for people who would like to broaden their knowledge and have fun with Trivia. While anyone can take trivia quizzes from different categories, only registered users can enjoy all the features mentioned below.
      </p>
      <p>
        Registration is free! Sign up now to experience the full features of Trivia Guru!
      </p>
    </div>
    <div
      class="row mb-5"
    >
      <h3
        class="mb-5"
      >
        <i
          class="fa-solid fa-square-check me-2"
        />
        Features
      </h3>
      <div
        class="col-12 col-xl-4 mb-3 d-flex align-items-stretch"
      >
        <div
          class="card"
        >
          <div
            class="card-header"
          >
            Offers 4,000+ trivias!
          </div>
          <div
            class="card-body"
          >
            <p
              class="card-text"
            >
              Trivia Guru utilizes resources from Open Trivia DB which offers thousands of trivia questions in over 10 categories! You can select from 3 difficulties - easy, medium and hard. Quiz your knowledge and see how much you know.
            </p>
          </div>
        </div>
      </div>
      <div
        class="col-12 col-xl-4 mb-3 d-flex align-items-stretch"
      >
        <div
          class="card"
        >
          <div
            class="card-header"
          >
            Tracks your record!
          </div>
          <div
            class="card-body"
          >
            <p
              class="card-text"
            >
              By signing up, you gain access to tools that can track your statistics, personal best scores and recent sessions in each category and difficulty. If your score is high enough, you may make it to the leaderboard! Do quizzes to get points, level up and earn badges!
            </p>
          </div>
        </div>
      </div>
      <div
        class="col-12 col-xl-4 mb-3 d-flex align-items-stretch"
      >
        <div
          class="card"
        >
          <div
            class="card-header"
          >
            Saves your trivia!
          </div>
          <div
            class="card-body"
          >
            <p
              class="card-text"
            >
              As you play trivia quizzes from different categories and difficulties, you can also save the ones you like to your favourites. You can view them from 'My Favourites' and categorize them if you like. Make use of this feature to become a 'Trivia Guru'.
            </p>
          </div>
        </div>
      </div>
    </div>
  </div>
</DocumentFragment>
`;
